15:27:26 | INFO     | utils.driver_factory | Launching browser='chrome' headless=False
15:27:27 | INFO     | pages.base_page | Navigating to https://tutorialsninja.com/demo/index.php?route=account/register
15:27:29 | INFO     | pages.register_page | Registering new account for qa.berrynathan523@mailinator.com
15:27:30 | INFO     | pages.register_page | Registration confirmed via URL: https://tutorialsninja.com/demo/index.php?route=account/success
15:27:30 | INFO     | tests.test_login_search_pytest | Account ready: qa.berrynathan523@mailinator.com
15:27:30 | INFO     | pages.base_page | Navigating to https://tutorialsninja.com/demo/index.php?route=account/login
15:27:30 | INFO     | pages.login_page | Already logged in from registration — logging out for a clean login test
15:27:30 | INFO     | pages.base_page | Navigating to https://tutorialsninja.com/demo/index.php?route=account/logout
15:27:30 | INFO     | pages.base_page | Navigating to https://tutorialsninja.com/demo/index.php?route=account/login
15:27:31 | INFO     | pages.login_page | Logging in as qa.berrynathan523@mailinator.com
15:27:32 | INFO     | tests.conftest | Quitting browser
15:27:32 | INFO     | utils.driver_factory | Launching browser='chrome' headless=False
15:27:33 | INFO     | pages.base_page | Navigating to https://tutorialsninja.com/demo/index.php?route=account/register
15:27:33 | INFO     | pages.register_page | Registering new account for qa.ivelez957@mailinator.com
15:27:36 | INFO     | pages.register_page | Registration confirmed via URL: https://tutorialsninja.com/demo/index.php?route=account/success
15:27:36 | INFO     | tests.test_login_search_pytest | Account ready: qa.ivelez957@mailinator.com
15:27:36 | INFO     | pages.base_page | Navigating to https://tutorialsninja.com/demo/index.php?route=account/login
15:27:36 | INFO     | pages.login_page | Already logged in from registration — logging out for a clean login test
15:27:36 | INFO     | pages.base_page | Navigating to https://tutorialsninja.com/demo/index.php?route=account/logout
15:27:36 | INFO     | pages.base_page | Navigating to https://tutorialsninja.com/demo/index.php?route=account/login
15:27:37 | INFO     | pages.login_page | Logging in as qa.ivelez957@mailinator.com
15:27:47 | INFO     | pages.search_page | Searching for product: 'MacBook'
15:27:48 | INFO     | pages.search_page | Search submitted via button click
15:27:48 | INFO     | tests.test_login_search_pytest | 'MacBook' -> 3 result(s): ['MacBook', 'MacBook Air', 'MacBook Pro']
15:27:48 | INFO     | tests.conftest | Quitting browser
15:27:48 | INFO     | utils.driver_factory | Launching browser='chrome' headless=False
15:27:49 | INFO     | pages.base_page | Navigating to https://tutorialsninja.com/demo/index.php?route=account/register
15:27:51 | INFO     | pages.register_page | Registering new account for qa.lisa09106@mailinator.com
15:27:52 | INFO     | pages.register_page | Registration confirmed via URL: https://tutorialsninja.com/demo/index.php?route=account/success
15:27:52 | INFO     | tests.test_login_search_pytest | Account ready: qa.lisa09106@mailinator.com
15:27:52 | INFO     | pages.base_page | Navigating to https://tutorialsninja.com/demo/index.php?route=account/login
15:27:53 | INFO     | pages.login_page | Already logged in from registration — logging out for a clean login test
15:27:53 | INFO     | pages.base_page | Navigating to https://tutorialsninja.com/demo/index.php?route=account/logout
15:27:53 | INFO     | pages.base_page | Navigating to https://tutorialsninja.com/demo/index.php?route=account/login
15:27:53 | INFO     | pages.login_page | Logging in as qa.lisa09106@mailinator.com
15:27:54 | INFO     | pages.search_page | Searching for product: 'iPhone'
15:27:54 | INFO     | pages.search_page | Search submitted via button click
15:27:54 | INFO     | tests.test_login_search_pytest | 'iPhone' -> 1 result(s): ['iPhone']
15:27:54 | INFO     | tests.conftest | Quitting browser
15:27:54 | INFO     | utils.driver_factory | Launching browser='chrome' headless=False
15:27:56 | INFO     | pages.base_page | Navigating to https://tutorialsninja.com/demo/index.php?route=account/register
15:27:58 | INFO     | pages.register_page | Registering new account for qa.jeffreyglenn847@mailinator.com
15:28:00 | INFO     | pages.register_page | Registration confirmed via URL: https://tutorialsninja.com/demo/index.php?route=account/success
15:28:00 | INFO     | tests.test_login_search_pytest | Account ready: qa.jeffreyglenn847@mailinator.com
15:28:00 | INFO     | pages.base_page | Navigating to https://tutorialsninja.com/demo/index.php?route=account/login
15:28:00 | INFO     | pages.login_page | Already logged in from registration — logging out for a clean login test
15:28:00 | INFO     | pages.base_page | Navigating to https://tutorialsninja.com/demo/index.php?route=account/logout
15:28:00 | INFO     | pages.base_page | Navigating to https://tutorialsninja.com/demo/index.php?route=account/login
15:28:01 | INFO     | pages.login_page | Logging in as qa.jeffreyglenn847@mailinator.com
15:28:11 | INFO     | pages.search_page | Searching for product: 'Samsung'
15:28:12 | INFO     | pages.search_page | Search submitted via button click
15:28:12 | INFO     | tests.test_login_search_pytest | 'Samsung' -> 2 result(s): ['Samsung SyncMaster 941BW', 'Samsung Galaxy Tab 10.1']
15:28:12 | INFO     | tests.conftest | Quitting browser
15:28:12 | INFO     | utils.driver_factory | Launching browser='chrome' headless=False
15:28:13 | INFO     | pages.base_page | Navigating to https://tutorialsninja.com/demo/index.php?route=account/register
15:28:14 | INFO     | pages.register_page | Registering new account for qa.joshuaparker258@mailinator.com
15:28:16 | INFO     | pages.register_page | Registration confirmed via URL: https://tutorialsninja.com/demo/index.php?route=account/success
15:28:16 | INFO     | tests.test_login_search_pytest | Account ready: qa.joshuaparker258@mailinator.com
15:28:16 | INFO     | pages.base_page | Navigating to https://tutorialsninja.com/demo/index.php?route=account/login
15:28:17 | INFO     | pages.login_page | Already logged in from registration — logging out for a clean login test
15:28:17 | INFO     | pages.base_page | Navigating to https://tutorialsninja.com/demo/index.php?route=account/logout
15:28:17 | INFO     | pages.base_page | Navigating to https://tutorialsninja.com/demo/index.php?route=account/login
15:28:17 | INFO     | pages.login_page | Logging in as qa.joshuaparker258@mailinator.com
15:28:18 | INFO     | pages.search_page | Searching for product: 'Canon'
15:28:18 | INFO     | pages.search_page | Search submitted via button click
15:28:18 | INFO     | tests.test_login_search_pytest | 'Canon' -> 1 result(s): ['Canon EOS 5D']
15:28:18 | INFO     | tests.conftest | Quitting browser
15:28:18 | INFO     | utils.driver_factory | Launching browser='chrome' headless=False
15:28:20 | INFO     | pages.base_page | Navigating to https://tutorialsninja.com/demo/index.php?route=account/register
15:28:21 | INFO     | pages.register_page | Registering new account for qa.hoganmartha605@mailinator.com
15:28:23 | INFO     | pages.register_page | Registration confirmed via URL: https://tutorialsninja.com/demo/index.php?route=account/success
15:28:23 | INFO     | pages.base_page | Navigating to https://tutorialsninja.com/demo/index.php?route=account/login
15:28:23 | INFO     | pages.login_page | Already logged in from registration — logging out for a clean login test
15:28:23 | INFO     | pages.base_page | Navigating to https://tutorialsninja.com/demo/index.php?route=account/logout
15:28:24 | INFO     | pages.base_page | Navigating to https://tutorialsninja.com/demo/index.php?route=account/login
15:28:24 | INFO     | pages.login_page | Logging in as qa.hoganmartha605@mailinator.com
15:28:57 | INFO     | utils.driver_factory | Launching browser='chrome' headless=False
15:28:59 | INFO     | pages.search_page | Searching for product: 'MacBook'
15:28:59 | INFO     | pages.search_page | Search submitted via button click
